// Jest Snapshot v1, https://goo.gl/fbAQLP

exports[`ReservationCardItem tests renders correctly 1`] = `
Object {
  "asFragment": [Function],
  "baseElement": <body>
    <div>
      <div
        class="col-md-6 my-2"
      >
        <div
          class="card p-2 shadow-sm card-wrapper"
        >
          <div
            class="row g-0"
          >
            <div
              class="col-md-4"
            >
              <img
                alt="luxury car"
                class="img-fluid rounded card-img"
                src="https://images.pexels.com/photos/3802510/pexels-photo-3802510.jpeg?auto=compress&cs=tinysrgb&w=1260&h=750&dpr=1"
              />
            </div>
            <div
              class="col-md-8"
            >
              <div
                class="card-body"
              >
                <h5
                  class="card-title"
                >
                  Card Model: Model
                </h5>
                <p
                  class="fs-6 m-0"
                >
                  Reservation date: 
                </p>
                <p
                  class="fs-6 m-0"
                >
                  Reservation city: 
                </p>
                <p
                  class="fs-6 m-0"
                >
                  Driver's Name: 
                </p>
                <p
                  class="fs-6 m-0"
                >
                  Charge: 
                </p>
              </div>
            </div>
          </div>
        </div>
      </div>
    </div>
  </body>,
  "container": <div>
    <div
      class="col-md-6 my-2"
    >
      <div
        class="card p-2 shadow-sm card-wrapper"
      >
        <div
          class="row g-0"
        >
          <div
            class="col-md-4"
          >
            <img
              alt="luxury car"
              class="img-fluid rounded card-img"
              src="https://images.pexels.com/photos/3802510/pexels-photo-3802510.jpeg?auto=compress&cs=tinysrgb&w=1260&h=750&dpr=1"
            />
          </div>
          <div
            class="col-md-8"
          >
            <div
              class="card-body"
            >
              <h5
                class="card-title"
              >
                Card Model: Model
              </h5>
              <p
                class="fs-6 m-0"
              >
                Reservation date: 
              </p>
              <p
                class="fs-6 m-0"
              >
                Reservation city: 
              </p>
              <p
                class="fs-6 m-0"
              >
                Driver's Name: 
              </p>
              <p
                class="fs-6 m-0"
              >
                Charge: 
              </p>
            </div>
          </div>
        </div>
      </div>
    </div>
  </div>,
  "debug": [Function],
  "findAllByAltText": [Function],
  "findAllByDisplayValue": [Function],
  "findAllByLabelText": [Function],
  "findAllByPlaceholderText": [Function],
  "findAllByRole": [Function],
  "findAllByTestId": [Function],
  "findAllByText": [Function],
  "findAllByTitle": [Function],
  "findByAltText": [Function],
  "findByDisplayValue": [Function],
  "findByLabelText": [Function],
  "findByPlaceholderText": [Function],
  "findByRole": [Function],
  "findByTestId": [Function],
  "findByText": [Function],
  "findByTitle": [Function],
  "getAllByAltText": [Function],
  "getAllByDisplayValue": [Function],
  "getAllByLabelText": [Function],
  "getAllByPlaceholderText": [Function],
  "getAllByRole": [Function],
  "getAllByTestId": [Function],
  "getAllByText": [Function],
  "getAllByTitle": [Function],
  "getByAltText": [Function],
  "getByDisplayValue": [Function],
  "getByLabelText": [Function],
  "getByPlaceholderText": [Function],
  "getByRole": [Function],
  "getByTestId": [Function],
  "getByText": [Function],
  "getByTitle": [Function],
  "queryAllByAltText": [Function],
  "queryAllByDisplayValue": [Function],
  "queryAllByLabelText": [Function],
  "queryAllByPlaceholderText": [Function],
  "queryAllByRole": [Function],
  "queryAllByTestId": [Function],
  "queryAllByText": [Function],
  "queryAllByTitle": [Function],
  "queryByAltText": [Function],
  "queryByDisplayValue": [Function],
  "queryByLabelText": [Function],
  "queryByPlaceholderText": [Function],
  "queryByRole": [Function],
  "queryByTestId": [Function],
  "queryByText": [Function],
  "queryByTitle": [Function],
  "rerender": [Function],
  "unmount": [Function],
}
`;
